../Core/Src/main.c:89:6:HAL_FDCAN_RxFifo0Callback	16	static
../Core/Src/main.c:133:6:fault_pin_service	8	static
../Core/Src/main.c:152:20:set_all	24	static
../Core/Src/main.c:162:6:race_state_init	16	static
../Core/Src/main.c:168:6:check_moto_state	16	static
../Core/Src/main.c:201:6:handle_button_press	16	static
../Core/Src/main.c:255:6:convert_float_display	24	static
../Core/Src/main.c:261:6:send_CAN_message	16	static
../Core/Src/main.c:269:6:send_CAN_message_four	16	static
../Core/Src/main.c:282:6:send_turn_on_inverter	8	static
../Core/Src/main.c:287:6:send_velocity_ref_inverter	16	static
../Core/Src/main.c:300:6:send_throttle_steering_display	16	static
../Core/Src/main.c:319:6:send_race_mode_display	16	static
../Core/Src/main.c:325:6:send_rain_state_display	16	static
../Core/Src/main.c:332:6:throttle_init	24	static
../Core/Src/main.c:347:6:convert_adc_throttle	32	static
../Core/Src/main.c:388:6:steering_angle_init	24	static
../Core/Src/main.c:401:6:steering_angle_avg	16	static
../Core/Src/main.c:419:6:HAL_ADC_ConvCpltCallback	16	static
../Core/Src/main.c:432:7:CAN_Charger	8	static
../Core/Src/main.c:463:7:State_Change	32	static
../Core/Src/main.c:476:5:main	16	static
../Core/Src/main.c:649:6:SystemClock_Config	88	static
../Core/Src/main.c:696:13:MX_ADC2_Init	40	static
../Core/Src/main.c:764:13:MX_FDCAN1_Init	8	static
../Core/Src/main.c:813:13:MX_DMA_Init	16	static
../Core/Src/main.c:832:13:MX_GPIO_Init	40	static
../Core/Src/main.c:909:6:Error_Handler	4	static,ignoring_inline_asm
