../Core/Src/main.c:87:6:HAL_FDCAN_RxFifo0Callback	16	static
../Core/Src/main.c:126:6:fault_pin_service	8	static
../Core/Src/main.c:145:20:set_all	24	static
../Core/Src/main.c:155:6:race_state_init	16	static
../Core/Src/main.c:161:6:check_moto_state	16	static
../Core/Src/main.c:194:6:handle_button_press	16	static
../Core/Src/main.c:248:6:convert_float_display	24	static
../Core/Src/main.c:254:6:send_CAN_message	16	static
../Core/Src/main.c:263:6:send_turn_on_inverter	8	static
../Core/Src/main.c:268:6:send_velocity_ref_inverter	16	static
../Core/Src/main.c:281:6:send_throttle_steering_display	16	static
../Core/Src/main.c:300:6:send_race_mode_display	16	static
../Core/Src/main.c:306:6:send_rain_state_display	16	static
../Core/Src/main.c:313:6:throttle_init	24	static
../Core/Src/main.c:328:6:convert_adc_throttle	32	static
../Core/Src/main.c:369:6:steering_angle_init	24	static
../Core/Src/main.c:382:6:steering_angle_avg	16	static
../Core/Src/main.c:400:6:HAL_ADC_ConvCpltCallback	16	static
../Core/Src/main.c:410:5:main	24	static
../Core/Src/main.c:576:6:SystemClock_Config	88	static
../Core/Src/main.c:623:13:MX_ADC2_Init	40	static
../Core/Src/main.c:691:13:MX_FDCAN1_Init	8	static
../Core/Src/main.c:740:13:MX_DMA_Init	16	static
../Core/Src/main.c:759:13:MX_GPIO_Init	40	static
../Core/Src/main.c:836:6:Error_Handler	4	static,ignoring_inline_asm
