../Core/Src/main.c:89:6:HAL_FDCAN_RxFifo0Callback	16	static
../Core/Src/main.c:130:6:fault_pin_service	8	static
../Core/Src/main.c:149:20:set_all	24	static
../Core/Src/main.c:159:6:race_state_init	16	static
../Core/Src/main.c:165:6:check_moto_state	16	static
../Core/Src/main.c:198:6:handle_button_press	16	static
../Core/Src/main.c:252:6:convert_float_display	24	static
../Core/Src/main.c:258:6:send_CAN_message	16	static
../Core/Src/main.c:266:6:send_CAN_message_four	16	static
../Core/Src/main.c:279:6:send_turn_on_inverter	8	static
../Core/Src/main.c:284:6:send_velocity_ref_inverter	16	static
../Core/Src/main.c:297:6:send_throttle_steering_display	16	static
../Core/Src/main.c:316:6:send_race_mode_display	16	static
../Core/Src/main.c:322:6:send_rain_state_display	16	static
../Core/Src/main.c:329:6:throttle_init	24	static
../Core/Src/main.c:344:6:convert_adc_throttle	32	static
../Core/Src/main.c:385:6:steering_angle_init	24	static
../Core/Src/main.c:398:6:steering_angle_avg	16	static
../Core/Src/main.c:416:6:HAL_ADC_ConvCpltCallback	16	static
../Core/Src/main.c:429:7:CAN_Charger	8	static
../Core/Src/main.c:460:7:State_Change	32	static
../Core/Src/main.c:473:5:main	16	static
../Core/Src/main.c:646:6:SystemClock_Config	88	static
../Core/Src/main.c:693:13:MX_ADC2_Init	40	static
../Core/Src/main.c:761:13:MX_FDCAN1_Init	8	static
../Core/Src/main.c:810:13:MX_DMA_Init	16	static
../Core/Src/main.c:829:13:MX_GPIO_Init	40	static
../Core/Src/main.c:906:6:Error_Handler	4	static,ignoring_inline_asm
