../Core/Src/main.c:81:6:send_CAN_message	16	static
../Core/Src/main.c:92:6:send_turn_on_message	8	static
../Core/Src/main.c:98:6:convert_float_display	24	static
../Core/Src/main.c:104:6:throttle_init	24	static
../Core/Src/main.c:119:6:convert_adc_throttle	32	static
../Core/Src/main.c:160:6:steering_angle_init	24	static
../Core/Src/main.c:173:6:steering_angle_avg	16	static
../Core/Src/main.c:191:6:HAL_ADC_ConvCpltCallback	16	static
../Core/Src/main.c:201:5:main	24	static
../Core/Src/main.c:311:6:SystemClock_Config	88	static
../Core/Src/main.c:358:13:MX_ADC2_Init	40	static
../Core/Src/main.c:426:13:MX_FDCAN1_Init	8	static
../Core/Src/main.c:475:13:MX_DMA_Init	16	static
../Core/Src/main.c:494:13:MX_GPIO_Init	16	static
../Core/Src/main.c:543:6:Error_Handler	4	static,ignoring_inline_asm
